// Jest Snapshot v1, https://goo.gl/fbAQLP

exports[`python-poetry-vscode:python-package sources should populate the pacakge __init__.py file 1`] = `
"__version__ = \\"1.9.0\\"
"
`;

exports[`python-poetry-vscode:python-package tests should populate the test __init__.py file 1`] = `""`;

exports[`python-poetry-vscode:python-package tests should populate the test file 1`] = `
"from package_name import __version__


def test_version():
    assert __version__ == \\"1.9.0\\"
"
`;
